
> sites-project@0.1.0 build
> vinext build


  vinext build  (Vite 8.2.2)

[1/5] analyze client references...
transforming...
✓ 250 modules transformed.
rendering chunks...
✓ built in 1.06s
[2/5] analyze server references...
transforming...
✓ 1075 modules transformed.
rendering chunks...
✓ built in 1.58s
[3/5] build rsc environment...
transforming...
✓ 241 modules transformed.
rendering chunks...
computing gzip size...
✓ built in 896ms
[4/5] build client environment...
transforming...
✓ 2857 modules transformed.
rendering chunks...
computing gzip size...
✓ built in 3.06s
[5/5] build ssr environment...
transforming...
✓ 1085 modules transformed.
rendering chunks...
computing gzip size...
✓ built in 1.96s
[0m
  Route (app)
  ─ ? /

  ? Unknown

  ? Some routes could not be classified. vinext currently uses static analysis
    and cannot detect dynamic API usage (headers(), cookies(), etc.) at build time.
    Automatic classification will be improved in a future release.

  Build complete. Run `vinext start` to start the production server.

